Acer Travelmate P648@DESKTOP-69BP50B MINGW64 ~/Desktop
$ git config --global user.email "anismunawaroh77@gmail.com"

Acer Travelmate P648@DESKTOP-69BP50B MINGW64 ~/Desktop
$ git config --global user.nama "nawaaa"

Acer Travelmate P648@DESKTOP-69BP50B MINGW64 ~/Desktop
$ git clone https://github.com/anismunawaroh77/AI-mastery
Cloning into 'AI-mastery'...
remote: Enumerating objects: 10, done.
remote: Counting objects: 100% (10/10), done.
remote: Compressing objects: 100% (6/6), done.
remote: Total 10 (delta 0), reused 0 (delta 0), pack-reused 0
Receiving objects: 100% (10/10), done.

Acer Travelmate P648@DESKTOP-69BP50B MINGW64 ~/Desktop
$ git init AI-mastery
Reinitialized existing Git repository in C:/Users/Acer Travelmate P648/Desktop/AI-mastery/.git/

Acer Travelmate P648@DESKTOP-69BP50B MINGW64 ~/Desktop
$ cd AI-mastery

Acer Travelmate P648@DESKTOP-69BP50B MINGW64 ~/Desktop/AI-mastery (main)
$ git add python.py

Acer Travelmate P648@DESKTOP-69BP50B MINGW64 ~/Desktop/AI-mastery (main)
$ git commit -m "commit pertama"
On branch main
Your branch is up to date with 'origin/main'.

nothing to commit, working tree clean

Acer Travelmate P648@DESKTOP-69BP50B MINGW64 ~/Desktop/AI-mastery (main)
$ git branch -M main

Acer Travelmate P648@DESKTOP-69BP50B MINGW64 ~/Desktop/AI-mastery (main)
$ git remote add origin https://github.com/anismunawaroh77/AI-mastery
error: remote origin already exists.

Acer Travelmate P648@DESKTOP-69BP50B MINGW64 ~/Desktop/AI-mastery (main)
$ git push -u origin main
info: please complete authentication in your browser...
Everything up-to-date
branch 'main' set up to track 'origin/main'.

Acer Travelmate P648@DESKTOP-69BP50B MINGW64 ~/Desktop/AI-mastery (main)
$

Acer Travelmate P648@DESKTOP-69BP50B MINGW64 ~/Desktop/AI-mastery (main)
$

Acer Travelmate P648@DESKTOP-69BP50B MINGW64 ~/Desktop/AI-mastery (main)
$

Acer Travelmate P648@DESKTOP-69BP50B MINGW64 ~/Desktop/AI-mastery (main)
$

Acer Travelmate P648@DESKTOP-69BP50B MINGW64 ~/Desktop/AI-mastery (main)
$

Acer Travelmate P648@DESKTOP-69BP50B MINGW64 ~/Desktop/AI-mastery (main)
$ git branch -M main

Acer Travelmate P648@DESKTOP-69BP50B MINGW64 ~/Desktop/AI-mastery (main)
$ git pull
Already up to date.

Acer Travelmate P648@DESKTOP-69BP50B MINGW64 ~/Desktop/AI-mastery (main)
$
